D:/JONAS/FACULDADE/MESTRADO/PROJETOS PLACA EMBARCADOS/Projeto9_I2C/Core/Src/main.c:103:5:main	1
D:/JONAS/FACULDADE/MESTRADO/PROJETOS PLACA EMBARCADOS/Projeto9_I2C/Core/Src/main.c:153:6:ExecuteProgram	5
D:/JONAS/FACULDADE/MESTRADO/PROJETOS PLACA EMBARCADOS/Projeto9_I2C/Core/Src/main.c:170:6:Read_LDR	1
D:/JONAS/FACULDADE/MESTRADO/PROJETOS PLACA EMBARCADOS/Projeto9_I2C/Core/Src/main.c:188:6:Read_Temp	1
D:/JONAS/FACULDADE/MESTRADO/PROJETOS PLACA EMBARCADOS/Projeto9_I2C/Core/Src/main.c:205:6:Read_Pot	1
D:/JONAS/FACULDADE/MESTRADO/PROJETOS PLACA EMBARCADOS/Projeto9_I2C/Core/Src/main.c:221:6:Write_DAC	1
D:/JONAS/FACULDADE/MESTRADO/PROJETOS PLACA EMBARCADOS/Projeto9_I2C/Core/Src/main.c:229:6:SystemClock_Config	4
D:/JONAS/FACULDADE/MESTRADO/PROJETOS PLACA EMBARCADOS/Projeto9_I2C/Core/Src/main.c:290:13:MX_ETH_Init	2
D:/JONAS/FACULDADE/MESTRADO/PROJETOS PLACA EMBARCADOS/Projeto9_I2C/Core/Src/main.c:339:13:MX_I2C1_Init	4
D:/JONAS/FACULDADE/MESTRADO/PROJETOS PLACA EMBARCADOS/Projeto9_I2C/Core/Src/main.c:387:13:MX_USART3_UART_Init	5
D:/JONAS/FACULDADE/MESTRADO/PROJETOS PLACA EMBARCADOS/Projeto9_I2C/Core/Src/main.c:435:13:MX_USB_OTG_FS_PCD_Init	2
D:/JONAS/FACULDADE/MESTRADO/PROJETOS PLACA EMBARCADOS/Projeto9_I2C/Core/Src/main.c:471:13:MX_GPIO_Init	1
D:/JONAS/FACULDADE/MESTRADO/PROJETOS PLACA EMBARCADOS/Projeto9_I2C/Core/Src/main.c:534:9:PCF8591_ReadAnalog	1
D:/JONAS/FACULDADE/MESTRADO/PROJETOS PLACA EMBARCADOS/Projeto9_I2C/Core/Src/main.c:549:6:HAL_UART_RxCpltCallback	5
D:/JONAS/FACULDADE/MESTRADO/PROJETOS PLACA EMBARCADOS/Projeto9_I2C/Core/Src/main.c:572:6:Error_Handler	1
