D:/JONAS/FACULDADE/MESTRADO/PROJETOS PLACA EMBARCADOS/Projeto9_I2C/Core/Src/main.c:103:5:main	8	static
D:/JONAS/FACULDADE/MESTRADO/PROJETOS PLACA EMBARCADOS/Projeto9_I2C/Core/Src/main.c:153:6:ExecuteProgram	8	static
D:/JONAS/FACULDADE/MESTRADO/PROJETOS PLACA EMBARCADOS/Projeto9_I2C/Core/Src/main.c:170:6:Read_LDR	24	static
D:/JONAS/FACULDADE/MESTRADO/PROJETOS PLACA EMBARCADOS/Projeto9_I2C/Core/Src/main.c:188:6:Read_Temp	24	static
D:/JONAS/FACULDADE/MESTRADO/PROJETOS PLACA EMBARCADOS/Projeto9_I2C/Core/Src/main.c:205:6:Read_Pot	24	static
D:/JONAS/FACULDADE/MESTRADO/PROJETOS PLACA EMBARCADOS/Projeto9_I2C/Core/Src/main.c:221:6:Write_DAC	4	static
D:/JONAS/FACULDADE/MESTRADO/PROJETOS PLACA EMBARCADOS/Projeto9_I2C/Core/Src/main.c:229:6:SystemClock_Config	120	static
D:/JONAS/FACULDADE/MESTRADO/PROJETOS PLACA EMBARCADOS/Projeto9_I2C/Core/Src/main.c:290:13:MX_ETH_Init	8	static
D:/JONAS/FACULDADE/MESTRADO/PROJETOS PLACA EMBARCADOS/Projeto9_I2C/Core/Src/main.c:339:13:MX_I2C1_Init	8	static
D:/JONAS/FACULDADE/MESTRADO/PROJETOS PLACA EMBARCADOS/Projeto9_I2C/Core/Src/main.c:387:13:MX_USART3_UART_Init	8	static
D:/JONAS/FACULDADE/MESTRADO/PROJETOS PLACA EMBARCADOS/Projeto9_I2C/Core/Src/main.c:435:13:MX_USB_OTG_FS_PCD_Init	8	static
D:/JONAS/FACULDADE/MESTRADO/PROJETOS PLACA EMBARCADOS/Projeto9_I2C/Core/Src/main.c:471:13:MX_GPIO_Init	56	static
D:/JONAS/FACULDADE/MESTRADO/PROJETOS PLACA EMBARCADOS/Projeto9_I2C/Core/Src/main.c:534:9:PCF8591_ReadAnalog	32	static
D:/JONAS/FACULDADE/MESTRADO/PROJETOS PLACA EMBARCADOS/Projeto9_I2C/Core/Src/main.c:549:6:HAL_UART_RxCpltCallback	16	static
D:/JONAS/FACULDADE/MESTRADO/PROJETOS PLACA EMBARCADOS/Projeto9_I2C/Core/Src/main.c:572:6:Error_Handler	4	static,ignoring_inline_asm
